// Jest Snapshot v1, https://goo.gl/fbAQLP

exports[`FirstSignInComponent renders correctly 1`] = `
ShallowWrapper {
  "length": 1,
  Symbol(enzyme.__root__): [Circular],
  Symbol(enzyme.__unrendered__): <FirstSignInComponent
    SYNC_ENUM={
      Object {
        "SYNC_DOCUMENTS": [Function],
        "SYNC_MOVIES": [Function],
        "SYNC_MUSIC": [Function],
        "SYNC_PHOTOS": [Function],
      }
    }
    options={
      Array [
        Object {
          "isSelected": false,
          "mask": 16,
          "title": "My photos",
          "type": "Pictures",
        },
        Object {
          "isSelected": false,
          "mask": 8,
          "title": "My movies",
          "type": "Movies",
        },
        Object {
          "isSelected": false,
          "mask": 4,
          "title": "My documents",
          "type": "Documents",
        },
        Object {
          "isSelected": false,
          "mask": 2,
          "title": "My music",
          "type": "Music",
        },
      ]
    }
  />,
  Symbol(enzyme.__renderer__): Object {
    "batchedUpdates": [Function],
    "getNode": [Function],
    "render": [Function],
    "simulateEvent": [Function],
    "unmount": [Function],
  },
  Symbol(enzyme.__node__): Object {
    "instance": null,
    "key": undefined,
    "nodeType": "class",
    "props": Object {
      "children": Array [
        <Component
          style={
            Object {
              "paddingHorizontal": 40,
            }
          }
        >
          <Component
            style={
              Object {
                "marginTop": 30,
              }
            }
          >
            <Text
              accessible={true}
              allowFontScaling={true}
              ellipsizeMode="tail"
              style={
                Object {
                  "alignSelf": "flex-start",
                  "color": "#384B65",
                  "fontFamily": "montserrat_bold",
                  "fontSize": 56,
                }
              }
            >
              Let’s get started!
            </Text>
          </Component>
          <Component
            style={
              Object {
                "marginTop": 38,
              }
            }
          >
            <Text
              accessible={true}
              allowFontScaling={true}
              ellipsizeMode="tail"
              style={
                Object {
                  "color": "#384B65",
                  "fontFamily": "montserrat_regular",
                  "fontSize": 32,
                }
              }
            >
              You have
              <Text
                accessible={true}
                allowFontScaling={true}
                ellipsizeMode="tail"
                style={
                  Object {
                    "color": "#384B65",
                    "fontFamily": "montserrat_bold",
                    "fontSize": 32,
                  }
                }
              >
                 25GB of free storage
              </Text>
            </Text>
          </Component>
          <Component
            style={
              Object {
                "alignItems": "center",
                "height": 500,
                "justifyContent": "center",
                "marginLeft": -40,
                "marginTop": 76,
                "width": 750,
              }
            }
          >
            <Image
              resizeMode="contain"
              source="Folder.png"
              style={
                Object {
                  "height": 500,
                }
              }
            />
          </Component>
          <Component
            style={
              Object {
                "marginTop": 128,
              }
            }
          >
            <Text
              accessible={true}
              allowFontScaling={true}
              ellipsizeMode="tail"
              style={
                Object {
                  "color": "#384B65",
                  "fontFamily": "montserrat_regular",
                  "fontSize": 32,
                }
              }
            >
              Automatically sync your
              <Text
                accessible={true}
                allowFontScaling={true}
                ellipsizeMode="tail"
                style={
                  Object {
                    "color": "#384B65",
                    "fontFamily": "montserrat_bold",
                    "fontSize": 32,
                  }
                }
              >
                 photos, videos,
              </Text>
            </Text>
            <Component
              style={
                Object {
                  "flexDirection": "row",
                }
              }
            >
              <Text
                accessible={true}
                allowFontScaling={true}
                ellipsizeMode="tail"
                style={
                  Object {
                    "color": "#384B65",
                    "fontFamily": "montserrat_bold",
                    "fontSize": 32,
                  }
                }
              >
                music
              </Text>
              <Text
                accessible={true}
                allowFontScaling={true}
                ellipsizeMode="tail"
                style={
                  Object {
                    "color": "#384B65",
                    "fontFamily": "montserrat_regular",
                    "fontSize": 32,
                  }
                }
              >
                 or
              </Text>
              <Text
                accessible={true}
                allowFontScaling={true}
                ellipsizeMode="tail"
                style={
                  Object {
                    "color": "#384B65",
                    "fontFamily": "montserrat_bold",
                    "fontSize": 32,
                  }
                }
              >
                 files
              </Text>
              <Text
                accessible={true}
                allowFontScaling={true}
                ellipsizeMode="tail"
                style={
                  Object {
                    "color": "#384B65",
                    "fontFamily": "montserrat_regular",
                    "fontSize": 32,
                  }
                }
              >
                 or add them manually.
              </Text>
            </Component>
          </Component>
          <TouchableOpacity
            activeOpacity={0.2}
            onPressOut={[Function]}
            style={
              Object {
                "alignItems": "center",
                "backgroundColor": "#2794FF",
                "borderRadius": 12,
                "height": 100,
                "justifyContent": "center",
                "marginTop": 170,
                "width": 670,
              }
            }
          >
            <Text
              accessible={true}
              allowFontScaling={true}
              ellipsizeMode="tail"
              style={
                Object {
                  "color": "white",
                  "fontFamily": "montserrat_bold",
                  "fontSize": 32,
                }
              }
            >
              Sync my files
            </Text>
          </TouchableOpacity>
        </Component>,
        undefined,
      ],
      "style": Object {
        "backgroundColor": "white",
        "flex": 1,
      },
    },
    "ref": null,
    "rendered": Array [
      Object {
        "instance": null,
        "key": undefined,
        "nodeType": "class",
        "props": Object {
          "children": Array [
            <Component
              style={
                Object {
                  "marginTop": 30,
                }
              }
            >
              <Text
                accessible={true}
                allowFontScaling={true}
                ellipsizeMode="tail"
                style={
                  Object {
                    "alignSelf": "flex-start",
                    "color": "#384B65",
                    "fontFamily": "montserrat_bold",
                    "fontSize": 56,
                  }
                }
              >
                Let’s get started!
              </Text>
            </Component>,
            <Component
              style={
                Object {
                  "marginTop": 38,
                }
              }
            >
              <Text
                accessible={true}
                allowFontScaling={true}
                ellipsizeMode="tail"
                style={
                  Object {
                    "color": "#384B65",
                    "fontFamily": "montserrat_regular",
                    "fontSize": 32,
                  }
                }
              >
                You have
                <Text
                  accessible={true}
                  allowFontScaling={true}
                  ellipsizeMode="tail"
                  style={
                    Object {
                      "color": "#384B65",
                      "fontFamily": "montserrat_bold",
                      "fontSize": 32,
                    }
                  }
                >
                   25GB of free storage
                </Text>
              </Text>
            </Component>,
            <Component
              style={
                Object {
                  "alignItems": "center",
                  "height": 500,
                  "justifyContent": "center",
                  "marginLeft": -40,
                  "marginTop": 76,
                  "width": 750,
                }
              }
            >
              <Image
                resizeMode="contain"
                source="Folder.png"
                style={
                  Object {
                    "height": 500,
                  }
                }
              />
            </Component>,
            <Component
              style={
                Object {
                  "marginTop": 128,
                }
              }
            >
              <Text
                accessible={true}
                allowFontScaling={true}
                ellipsizeMode="tail"
                style={
                  Object {
                    "color": "#384B65",
                    "fontFamily": "montserrat_regular",
                    "fontSize": 32,
                  }
                }
              >
                Automatically sync your
                <Text
                  accessible={true}
                  allowFontScaling={true}
                  ellipsizeMode="tail"
                  style={
                    Object {
                      "color": "#384B65",
                      "fontFamily": "montserrat_bold",
                      "fontSize": 32,
                    }
                  }
                >
                   photos, videos,
                </Text>
              </Text>
              <Component
                style={
                  Object {
                    "flexDirection": "row",
                  }
                }
              >
                <Text
                  accessible={true}
                  allowFontScaling={true}
                  ellipsizeMode="tail"
                  style={
                    Object {
                      "color": "#384B65",
                      "fontFamily": "montserrat_bold",
                      "fontSize": 32,
                    }
                  }
                >
                  music
                </Text>
                <Text
                  accessible={true}
                  allowFontScaling={true}
                  ellipsizeMode="tail"
                  style={
                    Object {
                      "color": "#384B65",
                      "fontFamily": "montserrat_regular",
                      "fontSize": 32,
                    }
                  }
                >
                   or
                </Text>
                <Text
                  accessible={true}
                  allowFontScaling={true}
                  ellipsizeMode="tail"
                  style={
                    Object {
                      "color": "#384B65",
                      "fontFamily": "montserrat_bold",
                      "fontSize": 32,
                    }
                  }
                >
                   files
                </Text>
                <Text
                  accessible={true}
                  allowFontScaling={true}
                  ellipsizeMode="tail"
                  style={
                    Object {
                      "color": "#384B65",
                      "fontFamily": "montserrat_regular",
                      "fontSize": 32,
                    }
                  }
                >
                   or add them manually.
                </Text>
              </Component>
            </Component>,
            <TouchableOpacity
              activeOpacity={0.2}
              onPressOut={[Function]}
              style={
                Object {
                  "alignItems": "center",
                  "backgroundColor": "#2794FF",
                  "borderRadius": 12,
                  "height": 100,
                  "justifyContent": "center",
                  "marginTop": 170,
                  "width": 670,
                }
              }
            >
              <Text
                accessible={true}
                allowFontScaling={true}
                ellipsizeMode="tail"
                style={
                  Object {
                    "color": "white",
                    "fontFamily": "montserrat_bold",
                    "fontSize": 32,
                  }
                }
              >
                Sync my files
              </Text>
            </TouchableOpacity>,
          ],
          "style": Object {
            "paddingHorizontal": 40,
          },
        },
        "ref": null,
        "rendered": Array [
          Object {
            "instance": null,
            "key": undefined,
            "nodeType": "class",
            "props": Object {
              "children": <Text
                accessible={true}
                allowFontScaling={true}
                ellipsizeMode="tail"
                style={
                  Object {
                    "alignSelf": "flex-start",
                    "color": "#384B65",
                    "fontFamily": "montserrat_bold",
                    "fontSize": 56,
                  }
                }
              >
                Let’s get started!
              </Text>,
              "style": Object {
                "marginTop": 30,
              },
            },
            "ref": null,
            "rendered": Object {
              "instance": null,
              "key": undefined,
              "nodeType": "class",
              "props": Object {
                "accessible": true,
                "allowFontScaling": true,
                "children": "Let’s get started!",
                "ellipsizeMode": "tail",
                "style": Object {
                  "alignSelf": "flex-start",
                  "color": "#384B65",
                  "fontFamily": "montserrat_bold",
                  "fontSize": 56,
                },
              },
              "ref": null,
              "rendered": "Let’s get started!",
              "type": [Function],
            },
            "type": [Function],
          },
          Object {
            "instance": null,
            "key": undefined,
            "nodeType": "class",
            "props": Object {
              "children": <Text
                accessible={true}
                allowFontScaling={true}
                ellipsizeMode="tail"
                style={
                  Object {
                    "color": "#384B65",
                    "fontFamily": "montserrat_regular",
                    "fontSize": 32,
                  }
                }
              >
                You have
                <Text
                  accessible={true}
                  allowFontScaling={true}
                  ellipsizeMode="tail"
                  style={
                    Object {
                      "color": "#384B65",
                      "fontFamily": "montserrat_bold",
                      "fontSize": 32,
                    }
                  }
                >
                   25GB of free storage
                </Text>
              </Text>,
              "style": Object {
                "marginTop": 38,
              },
            },
            "ref": null,
            "rendered": Object {
              "instance": null,
              "key": undefined,
              "nodeType": "class",
              "props": Object {
                "accessible": true,
                "allowFontScaling": true,
                "children": Array [
                  "You have",
                  <Text
                    accessible={true}
                    allowFontScaling={true}
                    ellipsizeMode="tail"
                    style={
                      Object {
                        "color": "#384B65",
                        "fontFamily": "montserrat_bold",
                        "fontSize": 32,
                      }
                    }
                  >
                     25GB of free storage
                  </Text>,
                ],
                "ellipsizeMode": "tail",
                "style": Object {
                  "color": "#384B65",
                  "fontFamily": "montserrat_regular",
                  "fontSize": 32,
                },
              },
              "ref": null,
              "rendered": Array [
                "You have",
                Object {
                  "instance": null,
                  "key": undefined,
                  "nodeType": "class",
                  "props": Object {
                    "accessible": true,
                    "allowFontScaling": true,
                    "children": " 25GB of free storage",
                    "ellipsizeMode": "tail",
                    "style": Object {
                      "color": "#384B65",
                      "fontFamily": "montserrat_bold",
                      "fontSize": 32,
                    },
                  },
                  "ref": null,
                  "rendered": " 25GB of free storage",
                  "type": [Function],
                },
              ],
              "type": [Function],
            },
            "type": [Function],
          },
          Object {
            "instance": null,
            "key": undefined,
            "nodeType": "class",
            "props": Object {
              "children": <Image
                resizeMode="contain"
                source="Folder.png"
                style={
                  Object {
                    "height": 500,
                  }
                }
              />,
              "style": Object {
                "alignItems": "center",
                "height": 500,
                "justifyContent": "center",
                "marginLeft": -40,
                "marginTop": 76,
                "width": 750,
              },
            },
            "ref": null,
            "rendered": Object {
              "instance": null,
              "key": undefined,
              "nodeType": "class",
              "props": Object {
                "resizeMode": "contain",
                "source": "Folder.png",
                "style": Object {
                  "height": 500,
                },
              },
              "ref": null,
              "rendered": null,
              "type": [Function],
            },
            "type": [Function],
          },
          Object {
            "instance": null,
            "key": undefined,
            "nodeType": "class",
            "props": Object {
              "children": Array [
                <Text
                  accessible={true}
                  allowFontScaling={true}
                  ellipsizeMode="tail"
                  style={
                    Object {
                      "color": "#384B65",
                      "fontFamily": "montserrat_regular",
                      "fontSize": 32,
                    }
                  }
                >
                  Automatically sync your
                  <Text
                    accessible={true}
                    allowFontScaling={true}
                    ellipsizeMode="tail"
                    style={
                      Object {
                        "color": "#384B65",
                        "fontFamily": "montserrat_bold",
                        "fontSize": 32,
                      }
                    }
                  >
                     photos, videos,
                  </Text>
                </Text>,
                <Component
                  style={
                    Object {
                      "flexDirection": "row",
                    }
                  }
                >
                  <Text
                    accessible={true}
                    allowFontScaling={true}
                    ellipsizeMode="tail"
                    style={
                      Object {
                        "color": "#384B65",
                        "fontFamily": "montserrat_bold",
                        "fontSize": 32,
                      }
                    }
                  >
                    music
                  </Text>
                  <Text
                    accessible={true}
                    allowFontScaling={true}
                    ellipsizeMode="tail"
                    style={
                      Object {
                        "color": "#384B65",
                        "fontFamily": "montserrat_regular",
                        "fontSize": 32,
                      }
                    }
                  >
                     or
                  </Text>
                  <Text
                    accessible={true}
                    allowFontScaling={true}
                    ellipsizeMode="tail"
                    style={
                      Object {
                        "color": "#384B65",
                        "fontFamily": "montserrat_bold",
                        "fontSize": 32,
                      }
                    }
                  >
                     files
                  </Text>
                  <Text
                    accessible={true}
                    allowFontScaling={true}
                    ellipsizeMode="tail"
                    style={
                      Object {
                        "color": "#384B65",
                        "fontFamily": "montserrat_regular",
                        "fontSize": 32,
                      }
                    }
                  >
                     or add them manually.
                  </Text>
                </Component>,
              ],
              "style": Object {
                "marginTop": 128,
              },
            },
            "ref": null,
            "rendered": Array [
              Object {
                "instance": null,
                "key": undefined,
                "nodeType": "class",
                "props": Object {
                  "accessible": true,
                  "allowFontScaling": true,
                  "children": Array [
                    "Automatically sync your",
                    <Text
                      accessible={true}
                      allowFontScaling={true}
                      ellipsizeMode="tail"
                      style={
                        Object {
                          "color": "#384B65",
                          "fontFamily": "montserrat_bold",
                          "fontSize": 32,
                        }
                      }
                    >
                       photos, videos,
                    </Text>,
                  ],
                  "ellipsizeMode": "tail",
                  "style": Object {
                    "color": "#384B65",
                    "fontFamily": "montserrat_regular",
                    "fontSize": 32,
                  },
                },
                "ref": null,
                "rendered": Array [
                  "Automatically sync your",
                  Object {
                    "instance": null,
                    "key": undefined,
                    "nodeType": "class",
                    "props": Object {
                      "accessible": true,
                      "allowFontScaling": true,
                      "children": " photos, videos,",
                      "ellipsizeMode": "tail",
                      "style": Object {
                        "color": "#384B65",
                        "fontFamily": "montserrat_bold",
                        "fontSize": 32,
                      },
                    },
                    "ref": null,
                    "rendered": " photos, videos,",
                    "type": [Function],
                  },
                ],
                "type": [Function],
              },
              Object {
                "instance": null,
                "key": undefined,
                "nodeType": "class",
                "props": Object {
                  "children": Array [
                    <Text
                      accessible={true}
                      allowFontScaling={true}
                      ellipsizeMode="tail"
                      style={
                        Object {
                          "color": "#384B65",
                          "fontFamily": "montserrat_bold",
                          "fontSize": 32,
                        }
                      }
                    >
                      music
                    </Text>,
                    <Text
                      accessible={true}
                      allowFontScaling={true}
                      ellipsizeMode="tail"
                      style={
                        Object {
                          "color": "#384B65",
                          "fontFamily": "montserrat_regular",
                          "fontSize": 32,
                        }
                      }
                    >
                       or
                    </Text>,
                    <Text
                      accessible={true}
                      allowFontScaling={true}
                      ellipsizeMode="tail"
                      style={
                        Object {
                          "color": "#384B65",
                          "fontFamily": "montserrat_bold",
                          "fontSize": 32,
                        }
                      }
                    >
                       files
                    </Text>,
                    <Text
                      accessible={true}
                      allowFontScaling={true}
                      ellipsizeMode="tail"
                      style={
                        Object {
                          "color": "#384B65",
                          "fontFamily": "montserrat_regular",
                          "fontSize": 32,
                        }
                      }
                    >
                       or add them manually.
                    </Text>,
                  ],
                  "style": Object {
                    "flexDirection": "row",
                  },
                },
                "ref": null,
                "rendered": Array [
                  Object {
                    "instance": null,
                    "key": undefined,
                    "nodeType": "class",
                    "props": Object {
                      "accessible": true,
                      "allowFontScaling": true,
                      "children": "music",
                      "ellipsizeMode": "tail",
                      "style": Object {
                        "color": "#384B65",
                        "fontFamily": "montserrat_bold",
                        "fontSize": 32,
                      },
                    },
                    "ref": null,
                    "rendered": "music",
                    "type": [Function],
                  },
                  Object {
                    "instance": null,
                    "key": undefined,
                    "nodeType": "class",
                    "props": Object {
                      "accessible": true,
                      "allowFontScaling": true,
                      "children": " or",
                      "ellipsizeMode": "tail",
                      "style": Object {
                        "color": "#384B65",
                        "fontFamily": "montserrat_regular",
                        "fontSize": 32,
                      },
                    },
                    "ref": null,
                    "rendered": " or",
                    "type": [Function],
                  },
                  Object {
                    "instance": null,
                    "key": undefined,
                    "nodeType": "class",
                    "props": Object {
                      "accessible": true,
                      "allowFontScaling": true,
                      "children": " files",
                      "ellipsizeMode": "tail",
                      "style": Object {
                        "color": "#384B65",
                        "fontFamily": "montserrat_bold",
                        "fontSize": 32,
                      },
                    },
                    "ref": null,
                    "rendered": " files",
                    "type": [Function],
                  },
                  Object {
                    "instance": null,
                    "key": undefined,
                    "nodeType": "class",
                    "props": Object {
                      "accessible": true,
                      "allowFontScaling": true,
                      "children": " or add them manually.",
                      "ellipsizeMode": "tail",
                      "style": Object {
                        "color": "#384B65",
                        "fontFamily": "montserrat_regular",
                        "fontSize": 32,
                      },
                    },
                    "ref": null,
                    "rendered": " or add them manually.",
                    "type": [Function],
                  },
                ],
                "type": [Function],
              },
            ],
            "type": [Function],
          },
          Object {
            "instance": null,
            "key": undefined,
            "nodeType": "class",
            "props": Object {
              "activeOpacity": 0.2,
              "children": <Text
                accessible={true}
                allowFontScaling={true}
                ellipsizeMode="tail"
                style={
                  Object {
                    "color": "white",
                    "fontFamily": "montserrat_bold",
                    "fontSize": 32,
                  }
                }
              >
                Sync my files
              </Text>,
              "onPressOut": [Function],
              "style": Object {
                "alignItems": "center",
                "backgroundColor": "#2794FF",
                "borderRadius": 12,
                "height": 100,
                "justifyContent": "center",
                "marginTop": 170,
                "width": 670,
              },
            },
            "ref": null,
            "rendered": Object {
              "instance": null,
              "key": undefined,
              "nodeType": "class",
              "props": Object {
                "accessible": true,
                "allowFontScaling": true,
                "children": "Sync my files",
                "ellipsizeMode": "tail",
                "style": Object {
                  "color": "white",
                  "fontFamily": "montserrat_bold",
                  "fontSize": 32,
                },
              },
              "ref": null,
              "rendered": "Sync my files",
              "type": [Function],
            },
            "type": [Function],
          },
        ],
        "type": [Function],
      },
      undefined,
    ],
    "type": [Function],
  },
  Symbol(enzyme.__nodes__): Array [
    Object {
      "instance": null,
      "key": undefined,
      "nodeType": "class",
      "props": Object {
        "children": Array [
          <Component
            style={
              Object {
                "paddingHorizontal": 40,
              }
            }
          >
            <Component
              style={
                Object {
                  "marginTop": 30,
                }
              }
            >
              <Text
                accessible={true}
                allowFontScaling={true}
                ellipsizeMode="tail"
                style={
                  Object {
                    "alignSelf": "flex-start",
                    "color": "#384B65",
                    "fontFamily": "montserrat_bold",
                    "fontSize": 56,
                  }
                }
              >
                Let’s get started!
              </Text>
            </Component>
            <Component
              style={
                Object {
                  "marginTop": 38,
                }
              }
            >
              <Text
                accessible={true}
                allowFontScaling={true}
                ellipsizeMode="tail"
                style={
                  Object {
                    "color": "#384B65",
                    "fontFamily": "montserrat_regular",
                    "fontSize": 32,
                  }
                }
              >
                You have
                <Text
                  accessible={true}
                  allowFontScaling={true}
                  ellipsizeMode="tail"
                  style={
                    Object {
                      "color": "#384B65",
                      "fontFamily": "montserrat_bold",
                      "fontSize": 32,
                    }
                  }
                >
                   25GB of free storage
                </Text>
              </Text>
            </Component>
            <Component
              style={
                Object {
                  "alignItems": "center",
                  "height": 500,
                  "justifyContent": "center",
                  "marginLeft": -40,
                  "marginTop": 76,
                  "width": 750,
                }
              }
            >
              <Image
                resizeMode="contain"
                source="Folder.png"
                style={
                  Object {
                    "height": 500,
                  }
                }
              />
            </Component>
            <Component
              style={
                Object {
                  "marginTop": 128,
                }
              }
            >
              <Text
                accessible={true}
                allowFontScaling={true}
                ellipsizeMode="tail"
                style={
                  Object {
                    "color": "#384B65",
                    "fontFamily": "montserrat_regular",
                    "fontSize": 32,
                  }
                }
              >
                Automatically sync your
                <Text
                  accessible={true}
                  allowFontScaling={true}
                  ellipsizeMode="tail"
                  style={
                    Object {
                      "color": "#384B65",
                      "fontFamily": "montserrat_bold",
                      "fontSize": 32,
                    }
                  }
                >
                   photos, videos,
                </Text>
              </Text>
              <Component
                style={
                  Object {
                    "flexDirection": "row",
                  }
                }
              >
                <Text
                  accessible={true}
                  allowFontScaling={true}
                  ellipsizeMode="tail"
                  style={
                    Object {
                      "color": "#384B65",
                      "fontFamily": "montserrat_bold",
                      "fontSize": 32,
                    }
                  }
                >
                  music
                </Text>
                <Text
                  accessible={true}
                  allowFontScaling={true}
                  ellipsizeMode="tail"
                  style={
                    Object {
                      "color": "#384B65",
                      "fontFamily": "montserrat_regular",
                      "fontSize": 32,
                    }
                  }
                >
                   or
                </Text>
                <Text
                  accessible={true}
                  allowFontScaling={true}
                  ellipsizeMode="tail"
                  style={
                    Object {
                      "color": "#384B65",
                      "fontFamily": "montserrat_bold",
                      "fontSize": 32,
                    }
                  }
                >
                   files
                </Text>
                <Text
                  accessible={true}
                  allowFontScaling={true}
                  ellipsizeMode="tail"
                  style={
                    Object {
                      "color": "#384B65",
                      "fontFamily": "montserrat_regular",
                      "fontSize": 32,
                    }
                  }
                >
                   or add them manually.
                </Text>
              </Component>
            </Component>
            <TouchableOpacity
              activeOpacity={0.2}
              onPressOut={[Function]}
              style={
                Object {
                  "alignItems": "center",
                  "backgroundColor": "#2794FF",
                  "borderRadius": 12,
                  "height": 100,
                  "justifyContent": "center",
                  "marginTop": 170,
                  "width": 670,
                }
              }
            >
              <Text
                accessible={true}
                allowFontScaling={true}
                ellipsizeMode="tail"
                style={
                  Object {
                    "color": "white",
                    "fontFamily": "montserrat_bold",
                    "fontSize": 32,
                  }
                }
              >
                Sync my files
              </Text>
            </TouchableOpacity>
          </Component>,
          undefined,
        ],
        "style": Object {
          "backgroundColor": "white",
          "flex": 1,
        },
      },
      "ref": null,
      "rendered": Array [
        Object {
          "instance": null,
          "key": undefined,
          "nodeType": "class",
          "props": Object {
            "children": Array [
              <Component
                style={
                  Object {
                    "marginTop": 30,
                  }
                }
              >
                <Text
                  accessible={true}
                  allowFontScaling={true}
                  ellipsizeMode="tail"
                  style={
                    Object {
                      "alignSelf": "flex-start",
                      "color": "#384B65",
                      "fontFamily": "montserrat_bold",
                      "fontSize": 56,
                    }
                  }
                >
                  Let’s get started!
                </Text>
              </Component>,
              <Component
                style={
                  Object {
                    "marginTop": 38,
                  }
                }
              >
                <Text
                  accessible={true}
                  allowFontScaling={true}
                  ellipsizeMode="tail"
                  style={
                    Object {
                      "color": "#384B65",
                      "fontFamily": "montserrat_regular",
                      "fontSize": 32,
                    }
                  }
                >
                  You have
                  <Text
                    accessible={true}
                    allowFontScaling={true}
                    ellipsizeMode="tail"
                    style={
                      Object {
                        "color": "#384B65",
                        "fontFamily": "montserrat_bold",
                        "fontSize": 32,
                      }
                    }
                  >
                     25GB of free storage
                  </Text>
                </Text>
              </Component>,
              <Component
                style={
                  Object {
                    "alignItems": "center",
                    "height": 500,
                    "justifyContent": "center",
                    "marginLeft": -40,
                    "marginTop": 76,
                    "width": 750,
                  }
                }
              >
                <Image
                  resizeMode="contain"
                  source="Folder.png"
                  style={
                    Object {
                      "height": 500,
                    }
                  }
                />
              </Component>,
              <Component
                style={
                  Object {
                    "marginTop": 128,
                  }
                }
              >
                <Text
                  accessible={true}
                  allowFontScaling={true}
                  ellipsizeMode="tail"
                  style={
                    Object {
                      "color": "#384B65",
                      "fontFamily": "montserrat_regular",
                      "fontSize": 32,
                    }
                  }
                >
                  Automatically sync your
                  <Text
                    accessible={true}
                    allowFontScaling={true}
                    ellipsizeMode="tail"
                    style={
                      Object {
                        "color": "#384B65",
                        "fontFamily": "montserrat_bold",
                        "fontSize": 32,
                      }
                    }
                  >
                     photos, videos,
                  </Text>
                </Text>
                <Component
                  style={
                    Object {
                      "flexDirection": "row",
                    }
                  }
                >
                  <Text
                    accessible={true}
                    allowFontScaling={true}
                    ellipsizeMode="tail"
                    style={
                      Object {
                        "color": "#384B65",
                        "fontFamily": "montserrat_bold",
                        "fontSize": 32,
                      }
                    }
                  >
                    music
                  </Text>
                  <Text
                    accessible={true}
                    allowFontScaling={true}
                    ellipsizeMode="tail"
                    style={
                      Object {
                        "color": "#384B65",
                        "fontFamily": "montserrat_regular",
                        "fontSize": 32,
                      }
                    }
                  >
                     or
                  </Text>
                  <Text
                    accessible={true}
                    allowFontScaling={true}
                    ellipsizeMode="tail"
                    style={
                      Object {
                        "color": "#384B65",
                        "fontFamily": "montserrat_bold",
                        "fontSize": 32,
                      }
                    }
                  >
                     files
                  </Text>
                  <Text
                    accessible={true}
                    allowFontScaling={true}
                    ellipsizeMode="tail"
                    style={
                      Object {
                        "color": "#384B65",
                        "fontFamily": "montserrat_regular",
                        "fontSize": 32,
                      }
                    }
                  >
                     or add them manually.
                  </Text>
                </Component>
              </Component>,
              <TouchableOpacity
                activeOpacity={0.2}
                onPressOut={[Function]}
                style={
                  Object {
                    "alignItems": "center",
                    "backgroundColor": "#2794FF",
                    "borderRadius": 12,
                    "height": 100,
                    "justifyContent": "center",
                    "marginTop": 170,
                    "width": 670,
                  }
                }
              >
                <Text
                  accessible={true}
                  allowFontScaling={true}
                  ellipsizeMode="tail"
                  style={
                    Object {
                      "color": "white",
                      "fontFamily": "montserrat_bold",
                      "fontSize": 32,
                    }
                  }
                >
                  Sync my files
                </Text>
              </TouchableOpacity>,
            ],
            "style": Object {
              "paddingHorizontal": 40,
            },
          },
          "ref": null,
          "rendered": Array [
            Object {
              "instance": null,
              "key": undefined,
              "nodeType": "class",
              "props": Object {
                "children": <Text
                  accessible={true}
                  allowFontScaling={true}
                  ellipsizeMode="tail"
                  style={
                    Object {
                      "alignSelf": "flex-start",
                      "color": "#384B65",
                      "fontFamily": "montserrat_bold",
                      "fontSize": 56,
                    }
                  }
                >
                  Let’s get started!
                </Text>,
                "style": Object {
                  "marginTop": 30,
                },
              },
              "ref": null,
              "rendered": Object {
                "instance": null,
                "key": undefined,
                "nodeType": "class",
                "props": Object {
                  "accessible": true,
                  "allowFontScaling": true,
                  "children": "Let’s get started!",
                  "ellipsizeMode": "tail",
                  "style": Object {
                    "alignSelf": "flex-start",
                    "color": "#384B65",
                    "fontFamily": "montserrat_bold",
                    "fontSize": 56,
                  },
                },
                "ref": null,
                "rendered": "Let’s get started!",
                "type": [Function],
              },
              "type": [Function],
            },
            Object {
              "instance": null,
              "key": undefined,
              "nodeType": "class",
              "props": Object {
                "children": <Text
                  accessible={true}
                  allowFontScaling={true}
                  ellipsizeMode="tail"
                  style={
                    Object {
                      "color": "#384B65",
                      "fontFamily": "montserrat_regular",
                      "fontSize": 32,
                    }
                  }
                >
                  You have
                  <Text
                    accessible={true}
                    allowFontScaling={true}
                    ellipsizeMode="tail"
                    style={
                      Object {
                        "color": "#384B65",
                        "fontFamily": "montserrat_bold",
                        "fontSize": 32,
                      }
                    }
                  >
                     25GB of free storage
                  </Text>
                </Text>,
                "style": Object {
                  "marginTop": 38,
                },
              },
              "ref": null,
              "rendered": Object {
                "instance": null,
                "key": undefined,
                "nodeType": "class",
                "props": Object {
                  "accessible": true,
                  "allowFontScaling": true,
                  "children": Array [
                    "You have",
                    <Text
                      accessible={true}
                      allowFontScaling={true}
                      ellipsizeMode="tail"
                      style={
                        Object {
                          "color": "#384B65",
                          "fontFamily": "montserrat_bold",
                          "fontSize": 32,
                        }
                      }
                    >
                       25GB of free storage
                    </Text>,
                  ],
                  "ellipsizeMode": "tail",
                  "style": Object {
                    "color": "#384B65",
                    "fontFamily": "montserrat_regular",
                    "fontSize": 32,
                  },
                },
                "ref": null,
                "rendered": Array [
                  "You have",
                  Object {
                    "instance": null,
                    "key": undefined,
                    "nodeType": "class",
                    "props": Object {
                      "accessible": true,
                      "allowFontScaling": true,
                      "children": " 25GB of free storage",
                      "ellipsizeMode": "tail",
                      "style": Object {
                        "color": "#384B65",
                        "fontFamily": "montserrat_bold",
                        "fontSize": 32,
                      },
                    },
                    "ref": null,
                    "rendered": " 25GB of free storage",
                    "type": [Function],
                  },
                ],
                "type": [Function],
              },
              "type": [Function],
            },
            Object {
              "instance": null,
              "key": undefined,
              "nodeType": "class",
              "props": Object {
                "children": <Image
                  resizeMode="contain"
                  source="Folder.png"
                  style={
                    Object {
                      "height": 500,
                    }
                  }
                />,
                "style": Object {
                  "alignItems": "center",
                  "height": 500,
                  "justifyContent": "center",
                  "marginLeft": -40,
                  "marginTop": 76,
                  "width": 750,
                },
              },
              "ref": null,
              "rendered": Object {
                "instance": null,
                "key": undefined,
                "nodeType": "class",
                "props": Object {
                  "resizeMode": "contain",
                  "source": "Folder.png",
                  "style": Object {
                    "height": 500,
                  },
                },
                "ref": null,
                "rendered": null,
                "type": [Function],
              },
              "type": [Function],
            },
            Object {
              "instance": null,
              "key": undefined,
              "nodeType": "class",
              "props": Object {
                "children": Array [
                  <Text
                    accessible={true}
                    allowFontScaling={true}
                    ellipsizeMode="tail"
                    style={
                      Object {
                        "color": "#384B65",
                        "fontFamily": "montserrat_regular",
                        "fontSize": 32,
                      }
                    }
                  >
                    Automatically sync your
                    <Text
                      accessible={true}
                      allowFontScaling={true}
                      ellipsizeMode="tail"
                      style={
                        Object {
                          "color": "#384B65",
                          "fontFamily": "montserrat_bold",
                          "fontSize": 32,
                        }
                      }
                    >
                       photos, videos,
                    </Text>
                  </Text>,
                  <Component
                    style={
                      Object {
                        "flexDirection": "row",
                      }
                    }
                  >
                    <Text
                      accessible={true}
                      allowFontScaling={true}
                      ellipsizeMode="tail"
                      style={
                        Object {
                          "color": "#384B65",
                          "fontFamily": "montserrat_bold",
                          "fontSize": 32,
                        }
                      }
                    >
                      music
                    </Text>
                    <Text
                      accessible={true}
                      allowFontScaling={true}
                      ellipsizeMode="tail"
                      style={
                        Object {
                          "color": "#384B65",
                          "fontFamily": "montserrat_regular",
                          "fontSize": 32,
                        }
                      }
                    >
                       or
                    </Text>
                    <Text
                      accessible={true}
                      allowFontScaling={true}
                      ellipsizeMode="tail"
                      style={
                        Object {
                          "color": "#384B65",
                          "fontFamily": "montserrat_bold",
                          "fontSize": 32,
                        }
                      }
                    >
                       files
                    </Text>
                    <Text
                      accessible={true}
                      allowFontScaling={true}
                      ellipsizeMode="tail"
                      style={
                        Object {
                          "color": "#384B65",
                          "fontFamily": "montserrat_regular",
                          "fontSize": 32,
                        }
                      }
                    >
                       or add them manually.
                    </Text>
                  </Component>,
                ],
                "style": Object {
                  "marginTop": 128,
                },
              },
              "ref": null,
              "rendered": Array [
                Object {
                  "instance": null,
                  "key": undefined,
                  "nodeType": "class",
                  "props": Object {
                    "accessible": true,
                    "allowFontScaling": true,
                    "children": Array [
                      "Automatically sync your",
                      <Text
                        accessible={true}
                        allowFontScaling={true}
                        ellipsizeMode="tail"
                        style={
                          Object {
                            "color": "#384B65",
                            "fontFamily": "montserrat_bold",
                            "fontSize": 32,
                          }
                        }
                      >
                         photos, videos,
                      </Text>,
                    ],
                    "ellipsizeMode": "tail",
                    "style": Object {
                      "color": "#384B65",
                      "fontFamily": "montserrat_regular",
                      "fontSize": 32,
                    },
                  },
                  "ref": null,
                  "rendered": Array [
                    "Automatically sync your",
                    Object {
                      "instance": null,
                      "key": undefined,
                      "nodeType": "class",
                      "props": Object {
                        "accessible": true,
                        "allowFontScaling": true,
                        "children": " photos, videos,",
                        "ellipsizeMode": "tail",
                        "style": Object {
                          "color": "#384B65",
                          "fontFamily": "montserrat_bold",
                          "fontSize": 32,
                        },
                      },
                      "ref": null,
                      "rendered": " photos, videos,",
                      "type": [Function],
                    },
                  ],
                  "type": [Function],
                },
                Object {
                  "instance": null,
                  "key": undefined,
                  "nodeType": "class",
                  "props": Object {
                    "children": Array [
                      <Text
                        accessible={true}
                        allowFontScaling={true}
                        ellipsizeMode="tail"
                        style={
                          Object {
                            "color": "#384B65",
                            "fontFamily": "montserrat_bold",
                            "fontSize": 32,
                          }
                        }
                      >
                        music
                      </Text>,
                      <Text
                        accessible={true}
                        allowFontScaling={true}
                        ellipsizeMode="tail"
                        style={
                          Object {
                            "color": "#384B65",
                            "fontFamily": "montserrat_regular",
                            "fontSize": 32,
                          }
                        }
                      >
                         or
                      </Text>,
                      <Text
                        accessible={true}
                        allowFontScaling={true}
                        ellipsizeMode="tail"
                        style={
                          Object {
                            "color": "#384B65",
                            "fontFamily": "montserrat_bold",
                            "fontSize": 32,
                          }
                        }
                      >
                         files
                      </Text>,
                      <Text
                        accessible={true}
                        allowFontScaling={true}
                        ellipsizeMode="tail"
                        style={
                          Object {
                            "color": "#384B65",
                            "fontFamily": "montserrat_regular",
                            "fontSize": 32,
                          }
                        }
                      >
                         or add them manually.
                      </Text>,
                    ],
                    "style": Object {
                      "flexDirection": "row",
                    },
                  },
                  "ref": null,
                  "rendered": Array [
                    Object {
                      "instance": null,
                      "key": undefined,
                      "nodeType": "class",
                      "props": Object {
                        "accessible": true,
                        "allowFontScaling": true,
                        "children": "music",
                        "ellipsizeMode": "tail",
                        "style": Object {
                          "color": "#384B65",
                          "fontFamily": "montserrat_bold",
                          "fontSize": 32,
                        },
                      },
                      "ref": null,
                      "rendered": "music",
                      "type": [Function],
                    },
                    Object {
                      "instance": null,
                      "key": undefined,
                      "nodeType": "class",
                      "props": Object {
                        "accessible": true,
                        "allowFontScaling": true,
                        "children": " or",
                        "ellipsizeMode": "tail",
                        "style": Object {
                          "color": "#384B65",
                          "fontFamily": "montserrat_regular",
                          "fontSize": 32,
                        },
                      },
                      "ref": null,
                      "rendered": " or",
                      "type": [Function],
                    },
                    Object {
                      "instance": null,
                      "key": undefined,
                      "nodeType": "class",
                      "props": Object {
                        "accessible": true,
                        "allowFontScaling": true,
                        "children": " files",
                        "ellipsizeMode": "tail",
                        "style": Object {
                          "color": "#384B65",
                          "fontFamily": "montserrat_bold",
                          "fontSize": 32,
                        },
                      },
                      "ref": null,
                      "rendered": " files",
                      "type": [Function],
                    },
                    Object {
                      "instance": null,
                      "key": undefined,
                      "nodeType": "class",
                      "props": Object {
                        "accessible": true,
                        "allowFontScaling": true,
                        "children": " or add them manually.",
                        "ellipsizeMode": "tail",
                        "style": Object {
                          "color": "#384B65",
                          "fontFamily": "montserrat_regular",
                          "fontSize": 32,
                        },
                      },
                      "ref": null,
                      "rendered": " or add them manually.",
                      "type": [Function],
                    },
                  ],
                  "type": [Function],
                },
              ],
              "type": [Function],
            },
            Object {
              "instance": null,
              "key": undefined,
              "nodeType": "class",
              "props": Object {
                "activeOpacity": 0.2,
                "children": <Text
                  accessible={true}
                  allowFontScaling={true}
                  ellipsizeMode="tail"
                  style={
                    Object {
                      "color": "white",
                      "fontFamily": "montserrat_bold",
                      "fontSize": 32,
                    }
                  }
                >
                  Sync my files
                </Text>,
                "onPressOut": [Function],
                "style": Object {
                  "alignItems": "center",
                  "backgroundColor": "#2794FF",
                  "borderRadius": 12,
                  "height": 100,
                  "justifyContent": "center",
                  "marginTop": 170,
                  "width": 670,
                },
              },
              "ref": null,
              "rendered": Object {
                "instance": null,
                "key": undefined,
                "nodeType": "class",
                "props": Object {
                  "accessible": true,
                  "allowFontScaling": true,
                  "children": "Sync my files",
                  "ellipsizeMode": "tail",
                  "style": Object {
                    "color": "white",
                    "fontFamily": "montserrat_bold",
                    "fontSize": 32,
                  },
                },
                "ref": null,
                "rendered": "Sync my files",
                "type": [Function],
              },
              "type": [Function],
            },
          ],
          "type": [Function],
        },
        undefined,
      ],
      "type": [Function],
    },
  ],
  Symbol(enzyme.__options__): Object {
    "adapter": ReactSixteenAdapter {
      "options": Object {
        "enableComponentDidUpdateOnSetState": true,
      },
    },
  },
}
`;
