// Jest Snapshot v1, https://goo.gl/fbAQLP

exports[`LoginComponent renders correctly 1`] = `
ShallowWrapper {
  "length": 1,
  Symbol(enzyme.__root__): [Circular],
  Symbol(enzyme.__unrendered__): <LoginComponent />,
  Symbol(enzyme.__renderer__): Object {
    "batchedUpdates": [Function],
    "getNode": [Function],
    "render": [Function],
    "simulateEvent": [Function],
    "unmount": [Function],
  },
  Symbol(enzyme.__node__): Object {
    "instance": null,
    "key": undefined,
    "nodeType": "class",
    "props": Object {
      "children": Array [
        <View
          style={undefined}
        >
          <Image
            resizeMode="contain"
            source="LogoBlue.png"
            style={
              Object {
                "height": 112,
                "left": 40,
                "position": "absolute",
                "top": 40,
                "width": 240,
              }
            }
          />
        </View>,
        <View
          style={
            Object {
              "marginTop": 172,
              "paddingLeft": 40,
              "paddingRight": 40,
            }
          }
        >
          <Text
            accessible={true}
            allowFontScaling={true}
            ellipsizeMode="tail"
            style={
              Object {
                "color": "#384B65",
                "fontFamily": "Montserrat-ExtraBold",
                "fontSize": 60,
                "marginBottom": 10,
              }
            }
          >
            Login
          </Text>
          <InputComponent
            errorMessage="Invalid Email"
            isError={undefined}
            isPassword={false}
            onChangeText={[Function]}
            placeholder="your_email@mail.com"
            regularMessage="Email"
            style={
              Object {
                "height": 100,
                "marginTop": 40,
              }
            }
            value={undefined}
          />
          <InputComponent
            errorMessage="Invalid password"
            isError={undefined}
            isPassword={true}
            onChangeText={[Function]}
            placeholder="Enter your password"
            regularMessage="Password"
            style={
              Object {
                "height": 100,
                "marginTop": 40,
              }
            }
            value={undefined}
          />
          <InputComponent
            editable={true}
            errorMessage="Invalid mnemonic"
            inputStyle={
              Object {
                "fontSize": 28,
                "height": 160,
              }
            }
            isError={undefined}
            isPassword={false}
            multiline={true}
            onChangeText={[Function]}
            placeholder="Please enter your mnemonic (secret phrase that you generated while registred in Storj befores) or scan your log in credentials via QR code"
            regularMessage="Mnemonic"
            style={
              Object {
                "height": 180,
                "marginTop": 40,
              }
            }
            value={undefined}
          />
          <View
            style={
              Object {
                "flexDirection": "row",
                "justifyContent": "space-between",
                "marginTop": 90,
              }
            }
          >
            <TouchableOpacity
              activeOpacity={0.2}
              onPress={undefined}
            >
              <Text
                accessible={true}
                allowFontScaling={true}
                ellipsizeMode="tail"
                style={
                  Object {
                    "color": "#2794FF",
                    "fontFamily": "Montserrat-Bold",
                    "fontSize": 32,
                    "lineHeight": 48,
                    "marginTop": 40,
                  }
                }
              >
                Forgot password?
              </Text>
            </TouchableOpacity>
            <TouchableOpacity
              activeOpacity={0.2}
              onPress={undefined}
            >
              <Text
                accessible={true}
                allowFontScaling={true}
                ellipsizeMode="tail"
                style={
                  Object {
                    "alignSelf": "flex-end",
                    "color": "#2794FF",
                    "fontFamily": "Montserrat-Regular",
                    "fontSize": 26,
                    "fontWeight": "bold",
                    "marginBottom": 48,
                  }
                }
              >
                What is Mnemonic?
              </Text>
            </TouchableOpacity>
          </View>
        </View>,
        <View
          style={
            Object {
              "alignItems": "center",
              "height": 226,
              "marginTop": 20,
            }
          }
        >
          <TouchableOpacity
            activeOpacity={0.2}
            onPressOut={[Function]}
            style={
              Object {
                "alignItems": "center",
                "backgroundColor": "#2794FF",
                "borderRadius": 12,
                "height": 100,
                "justifyContent": "center",
                "width": 686,
              }
            }
          >
            <Text
              accessible={true}
              allowFontScaling={true}
              ellipsizeMode="tail"
              style={
                Object {
                  "color": "white",
                  "fontFamily": "Montserrat-Bold",
                  "fontSize": 32,
                }
              }
            >
              Login
            </Text>
          </TouchableOpacity>
          <TouchableOpacity
            activeOpacity={0.2}
            onPressOut={[Function]}
            style={
              Object {
                "alignItems": "center",
                "backgroundColor": "white",
                "borderColor": "#2794FF",
                "borderRadius": 12,
                "borderWidth": 2,
                "height": 100,
                "justifyContent": "center",
                "marginTop": 20,
                "width": 686,
              }
            }
          >
            <Text
              accessible={true}
              allowFontScaling={true}
              ellipsizeMode="tail"
              style={
                Object {
                  "color": "#2794FF",
                  "fontFamily": "Montserrat-Bold",
                  "fontSize": 32,
                }
              }
            >
              Login via QR
            </Text>
          </TouchableOpacity>
          <Text
            accessible={true}
            allowFontScaling={true}
            ellipsizeMode="tail"
            style={
              Object {
                "color": "#384B65",
                "fontFamily": "Montserrat-Regular",
                "fontSize": 32,
                "marginTop": 30,
              }
            }
          >
            Don't have an account? 
            <Text
              accessible={true}
              allowFontScaling={true}
              ellipsizeMode="tail"
              onPress={undefined}
              style={
                Object {
                  "color": "#2794FF",
                  "fontFamily": "Montserrat-Bold",
                }
              }
            >
              Sign Up
            </Text>
          </Text>
        </View>,
        null,
      ],
      "style": Object {
        "backgroundColor": "white",
        "flex": 1,
      },
    },
    "ref": null,
    "rendered": Array [
      Object {
        "instance": null,
        "key": undefined,
        "nodeType": "class",
        "props": Object {
          "children": <Image
            resizeMode="contain"
            source="LogoBlue.png"
            style={
              Object {
                "height": 112,
                "left": 40,
                "position": "absolute",
                "top": 40,
                "width": 240,
              }
            }
          />,
          "style": undefined,
        },
        "ref": null,
        "rendered": Object {
          "instance": null,
          "key": undefined,
          "nodeType": "class",
          "props": Object {
            "resizeMode": "contain",
            "source": "LogoBlue.png",
            "style": Object {
              "height": 112,
              "left": 40,
              "position": "absolute",
              "top": 40,
              "width": 240,
            },
          },
          "ref": null,
          "rendered": null,
          "type": [Function],
        },
        "type": [Function],
      },
      Object {
        "instance": null,
        "key": undefined,
        "nodeType": "class",
        "props": Object {
          "children": Array [
            <Text
              accessible={true}
              allowFontScaling={true}
              ellipsizeMode="tail"
              style={
                Object {
                  "color": "#384B65",
                  "fontFamily": "Montserrat-ExtraBold",
                  "fontSize": 60,
                  "marginBottom": 10,
                }
              }
            >
              Login
            </Text>,
            <InputComponent
              errorMessage="Invalid Email"
              isError={undefined}
              isPassword={false}
              onChangeText={[Function]}
              placeholder="your_email@mail.com"
              regularMessage="Email"
              style={
                Object {
                  "height": 100,
                  "marginTop": 40,
                }
              }
              value={undefined}
            />,
            <InputComponent
              errorMessage="Invalid password"
              isError={undefined}
              isPassword={true}
              onChangeText={[Function]}
              placeholder="Enter your password"
              regularMessage="Password"
              style={
                Object {
                  "height": 100,
                  "marginTop": 40,
                }
              }
              value={undefined}
            />,
            <InputComponent
              editable={true}
              errorMessage="Invalid mnemonic"
              inputStyle={
                Object {
                  "fontSize": 28,
                  "height": 160,
                }
              }
              isError={undefined}
              isPassword={false}
              multiline={true}
              onChangeText={[Function]}
              placeholder="Please enter your mnemonic (secret phrase that you generated while registred in Storj befores) or scan your log in credentials via QR code"
              regularMessage="Mnemonic"
              style={
                Object {
                  "height": 180,
                  "marginTop": 40,
                }
              }
              value={undefined}
            />,
            <View
              style={
                Object {
                  "flexDirection": "row",
                  "justifyContent": "space-between",
                  "marginTop": 90,
                }
              }
            >
              <TouchableOpacity
                activeOpacity={0.2}
                onPress={undefined}
              >
                <Text
                  accessible={true}
                  allowFontScaling={true}
                  ellipsizeMode="tail"
                  style={
                    Object {
                      "color": "#2794FF",
                      "fontFamily": "Montserrat-Bold",
                      "fontSize": 32,
                      "lineHeight": 48,
                      "marginTop": 40,
                    }
                  }
                >
                  Forgot password?
                </Text>
              </TouchableOpacity>
              <TouchableOpacity
                activeOpacity={0.2}
                onPress={undefined}
              >
                <Text
                  accessible={true}
                  allowFontScaling={true}
                  ellipsizeMode="tail"
                  style={
                    Object {
                      "alignSelf": "flex-end",
                      "color": "#2794FF",
                      "fontFamily": "Montserrat-Regular",
                      "fontSize": 26,
                      "fontWeight": "bold",
                      "marginBottom": 48,
                    }
                  }
                >
                  What is Mnemonic?
                </Text>
              </TouchableOpacity>
            </View>,
          ],
          "style": Object {
            "marginTop": 172,
            "paddingLeft": 40,
            "paddingRight": 40,
          },
        },
        "ref": null,
        "rendered": Array [
          Object {
            "instance": null,
            "key": undefined,
            "nodeType": "class",
            "props": Object {
              "accessible": true,
              "allowFontScaling": true,
              "children": "Login",
              "ellipsizeMode": "tail",
              "style": Object {
                "color": "#384B65",
                "fontFamily": "Montserrat-ExtraBold",
                "fontSize": 60,
                "marginBottom": 10,
              },
            },
            "ref": null,
            "rendered": "Login",
            "type": [Function],
          },
          Object {
            "instance": null,
            "key": undefined,
            "nodeType": "class",
            "props": Object {
              "errorMessage": "Invalid Email",
              "isError": undefined,
              "isPassword": false,
              "onChangeText": [Function],
              "placeholder": "your_email@mail.com",
              "regularMessage": "Email",
              "style": Object {
                "height": 100,
                "marginTop": 40,
              },
              "value": undefined,
            },
            "ref": null,
            "rendered": null,
            "type": [Function],
          },
          Object {
            "instance": null,
            "key": undefined,
            "nodeType": "class",
            "props": Object {
              "errorMessage": "Invalid password",
              "isError": undefined,
              "isPassword": true,
              "onChangeText": [Function],
              "placeholder": "Enter your password",
              "regularMessage": "Password",
              "style": Object {
                "height": 100,
                "marginTop": 40,
              },
              "value": undefined,
            },
            "ref": null,
            "rendered": null,
            "type": [Function],
          },
          Object {
            "instance": null,
            "key": undefined,
            "nodeType": "class",
            "props": Object {
              "editable": true,
              "errorMessage": "Invalid mnemonic",
              "inputStyle": Object {
                "fontSize": 28,
                "height": 160,
              },
              "isError": undefined,
              "isPassword": false,
              "multiline": true,
              "onChangeText": [Function],
              "placeholder": "Please enter your mnemonic (secret phrase that you generated while registred in Storj befores) or scan your log in credentials via QR code",
              "regularMessage": "Mnemonic",
              "style": Object {
                "height": 180,
                "marginTop": 40,
              },
              "value": undefined,
            },
            "ref": null,
            "rendered": null,
            "type": [Function],
          },
          Object {
            "instance": null,
            "key": undefined,
            "nodeType": "class",
            "props": Object {
              "children": Array [
                <TouchableOpacity
                  activeOpacity={0.2}
                  onPress={undefined}
                >
                  <Text
                    accessible={true}
                    allowFontScaling={true}
                    ellipsizeMode="tail"
                    style={
                      Object {
                        "color": "#2794FF",
                        "fontFamily": "Montserrat-Bold",
                        "fontSize": 32,
                        "lineHeight": 48,
                        "marginTop": 40,
                      }
                    }
                  >
                    Forgot password?
                  </Text>
                </TouchableOpacity>,
                <TouchableOpacity
                  activeOpacity={0.2}
                  onPress={undefined}
                >
                  <Text
                    accessible={true}
                    allowFontScaling={true}
                    ellipsizeMode="tail"
                    style={
                      Object {
                        "alignSelf": "flex-end",
                        "color": "#2794FF",
                        "fontFamily": "Montserrat-Regular",
                        "fontSize": 26,
                        "fontWeight": "bold",
                        "marginBottom": 48,
                      }
                    }
                  >
                    What is Mnemonic?
                  </Text>
                </TouchableOpacity>,
              ],
              "style": Object {
                "flexDirection": "row",
                "justifyContent": "space-between",
                "marginTop": 90,
              },
            },
            "ref": null,
            "rendered": Array [
              Object {
                "instance": null,
                "key": undefined,
                "nodeType": "class",
                "props": Object {
                  "activeOpacity": 0.2,
                  "children": <Text
                    accessible={true}
                    allowFontScaling={true}
                    ellipsizeMode="tail"
                    style={
                      Object {
                        "color": "#2794FF",
                        "fontFamily": "Montserrat-Bold",
                        "fontSize": 32,
                        "lineHeight": 48,
                        "marginTop": 40,
                      }
                    }
                  >
                    Forgot password?
                  </Text>,
                  "onPress": undefined,
                },
                "ref": null,
                "rendered": Object {
                  "instance": null,
                  "key": undefined,
                  "nodeType": "class",
                  "props": Object {
                    "accessible": true,
                    "allowFontScaling": true,
                    "children": "Forgot password?",
                    "ellipsizeMode": "tail",
                    "style": Object {
                      "color": "#2794FF",
                      "fontFamily": "Montserrat-Bold",
                      "fontSize": 32,
                      "lineHeight": 48,
                      "marginTop": 40,
                    },
                  },
                  "ref": null,
                  "rendered": "Forgot password?",
                  "type": [Function],
                },
                "type": [Function],
              },
              Object {
                "instance": null,
                "key": undefined,
                "nodeType": "class",
                "props": Object {
                  "activeOpacity": 0.2,
                  "children": <Text
                    accessible={true}
                    allowFontScaling={true}
                    ellipsizeMode="tail"
                    style={
                      Object {
                        "alignSelf": "flex-end",
                        "color": "#2794FF",
                        "fontFamily": "Montserrat-Regular",
                        "fontSize": 26,
                        "fontWeight": "bold",
                        "marginBottom": 48,
                      }
                    }
                  >
                    What is Mnemonic?
                  </Text>,
                  "onPress": undefined,
                },
                "ref": null,
                "rendered": Object {
                  "instance": null,
                  "key": undefined,
                  "nodeType": "class",
                  "props": Object {
                    "accessible": true,
                    "allowFontScaling": true,
                    "children": "What is Mnemonic?",
                    "ellipsizeMode": "tail",
                    "style": Object {
                      "alignSelf": "flex-end",
                      "color": "#2794FF",
                      "fontFamily": "Montserrat-Regular",
                      "fontSize": 26,
                      "fontWeight": "bold",
                      "marginBottom": 48,
                    },
                  },
                  "ref": null,
                  "rendered": "What is Mnemonic?",
                  "type": [Function],
                },
                "type": [Function],
              },
            ],
            "type": [Function],
          },
        ],
        "type": [Function],
      },
      Object {
        "instance": null,
        "key": undefined,
        "nodeType": "class",
        "props": Object {
          "children": Array [
            <TouchableOpacity
              activeOpacity={0.2}
              onPressOut={[Function]}
              style={
                Object {
                  "alignItems": "center",
                  "backgroundColor": "#2794FF",
                  "borderRadius": 12,
                  "height": 100,
                  "justifyContent": "center",
                  "width": 686,
                }
              }
            >
              <Text
                accessible={true}
                allowFontScaling={true}
                ellipsizeMode="tail"
                style={
                  Object {
                    "color": "white",
                    "fontFamily": "Montserrat-Bold",
                    "fontSize": 32,
                  }
                }
              >
                Login
              </Text>
            </TouchableOpacity>,
            <TouchableOpacity
              activeOpacity={0.2}
              onPressOut={[Function]}
              style={
                Object {
                  "alignItems": "center",
                  "backgroundColor": "white",
                  "borderColor": "#2794FF",
                  "borderRadius": 12,
                  "borderWidth": 2,
                  "height": 100,
                  "justifyContent": "center",
                  "marginTop": 20,
                  "width": 686,
                }
              }
            >
              <Text
                accessible={true}
                allowFontScaling={true}
                ellipsizeMode="tail"
                style={
                  Object {
                    "color": "#2794FF",
                    "fontFamily": "Montserrat-Bold",
                    "fontSize": 32,
                  }
                }
              >
                Login via QR
              </Text>
            </TouchableOpacity>,
            <Text
              accessible={true}
              allowFontScaling={true}
              ellipsizeMode="tail"
              style={
                Object {
                  "color": "#384B65",
                  "fontFamily": "Montserrat-Regular",
                  "fontSize": 32,
                  "marginTop": 30,
                }
              }
            >
              Don't have an account? 
              <Text
                accessible={true}
                allowFontScaling={true}
                ellipsizeMode="tail"
                onPress={undefined}
                style={
                  Object {
                    "color": "#2794FF",
                    "fontFamily": "Montserrat-Bold",
                  }
                }
              >
                Sign Up
              </Text>
            </Text>,
          ],
          "style": Object {
            "alignItems": "center",
            "height": 226,
            "marginTop": 20,
          },
        },
        "ref": null,
        "rendered": Array [
          Object {
            "instance": null,
            "key": undefined,
            "nodeType": "class",
            "props": Object {
              "activeOpacity": 0.2,
              "children": <Text
                accessible={true}
                allowFontScaling={true}
                ellipsizeMode="tail"
                style={
                  Object {
                    "color": "white",
                    "fontFamily": "Montserrat-Bold",
                    "fontSize": 32,
                  }
                }
              >
                Login
              </Text>,
              "onPressOut": [Function],
              "style": Object {
                "alignItems": "center",
                "backgroundColor": "#2794FF",
                "borderRadius": 12,
                "height": 100,
                "justifyContent": "center",
                "width": 686,
              },
            },
            "ref": null,
            "rendered": Object {
              "instance": null,
              "key": undefined,
              "nodeType": "class",
              "props": Object {
                "accessible": true,
                "allowFontScaling": true,
                "children": "Login",
                "ellipsizeMode": "tail",
                "style": Object {
                  "color": "white",
                  "fontFamily": "Montserrat-Bold",
                  "fontSize": 32,
                },
              },
              "ref": null,
              "rendered": "Login",
              "type": [Function],
            },
            "type": [Function],
          },
          Object {
            "instance": null,
            "key": undefined,
            "nodeType": "class",
            "props": Object {
              "activeOpacity": 0.2,
              "children": <Text
                accessible={true}
                allowFontScaling={true}
                ellipsizeMode="tail"
                style={
                  Object {
                    "color": "#2794FF",
                    "fontFamily": "Montserrat-Bold",
                    "fontSize": 32,
                  }
                }
              >
                Login via QR
              </Text>,
              "onPressOut": [Function],
              "style": Object {
                "alignItems": "center",
                "backgroundColor": "white",
                "borderColor": "#2794FF",
                "borderRadius": 12,
                "borderWidth": 2,
                "height": 100,
                "justifyContent": "center",
                "marginTop": 20,
                "width": 686,
              },
            },
            "ref": null,
            "rendered": Object {
              "instance": null,
              "key": undefined,
              "nodeType": "class",
              "props": Object {
                "accessible": true,
                "allowFontScaling": true,
                "children": "Login via QR",
                "ellipsizeMode": "tail",
                "style": Object {
                  "color": "#2794FF",
                  "fontFamily": "Montserrat-Bold",
                  "fontSize": 32,
                },
              },
              "ref": null,
              "rendered": "Login via QR",
              "type": [Function],
            },
            "type": [Function],
          },
          Object {
            "instance": null,
            "key": undefined,
            "nodeType": "class",
            "props": Object {
              "accessible": true,
              "allowFontScaling": true,
              "children": Array [
                "Don't have an account? ",
                <Text
                  accessible={true}
                  allowFontScaling={true}
                  ellipsizeMode="tail"
                  onPress={undefined}
                  style={
                    Object {
                      "color": "#2794FF",
                      "fontFamily": "Montserrat-Bold",
                    }
                  }
                >
                  Sign Up
                </Text>,
              ],
              "ellipsizeMode": "tail",
              "style": Object {
                "color": "#384B65",
                "fontFamily": "Montserrat-Regular",
                "fontSize": 32,
                "marginTop": 30,
              },
            },
            "ref": null,
            "rendered": Array [
              "Don't have an account? ",
              Object {
                "instance": null,
                "key": undefined,
                "nodeType": "class",
                "props": Object {
                  "accessible": true,
                  "allowFontScaling": true,
                  "children": "Sign Up",
                  "ellipsizeMode": "tail",
                  "onPress": undefined,
                  "style": Object {
                    "color": "#2794FF",
                    "fontFamily": "Montserrat-Bold",
                  },
                },
                "ref": null,
                "rendered": "Sign Up",
                "type": [Function],
              },
            ],
            "type": [Function],
          },
        ],
        "type": [Function],
      },
      null,
    ],
    "type": [Function],
  },
  Symbol(enzyme.__nodes__): Array [
    Object {
      "instance": null,
      "key": undefined,
      "nodeType": "class",
      "props": Object {
        "children": Array [
          <View
            style={undefined}
          >
            <Image
              resizeMode="contain"
              source="LogoBlue.png"
              style={
                Object {
                  "height": 112,
                  "left": 40,
                  "position": "absolute",
                  "top": 40,
                  "width": 240,
                }
              }
            />
          </View>,
          <View
            style={
              Object {
                "marginTop": 172,
                "paddingLeft": 40,
                "paddingRight": 40,
              }
            }
          >
            <Text
              accessible={true}
              allowFontScaling={true}
              ellipsizeMode="tail"
              style={
                Object {
                  "color": "#384B65",
                  "fontFamily": "Montserrat-ExtraBold",
                  "fontSize": 60,
                  "marginBottom": 10,
                }
              }
            >
              Login
            </Text>
            <InputComponent
              errorMessage="Invalid Email"
              isError={undefined}
              isPassword={false}
              onChangeText={[Function]}
              placeholder="your_email@mail.com"
              regularMessage="Email"
              style={
                Object {
                  "height": 100,
                  "marginTop": 40,
                }
              }
              value={undefined}
            />
            <InputComponent
              errorMessage="Invalid password"
              isError={undefined}
              isPassword={true}
              onChangeText={[Function]}
              placeholder="Enter your password"
              regularMessage="Password"
              style={
                Object {
                  "height": 100,
                  "marginTop": 40,
                }
              }
              value={undefined}
            />
            <InputComponent
              editable={true}
              errorMessage="Invalid mnemonic"
              inputStyle={
                Object {
                  "fontSize": 28,
                  "height": 160,
                }
              }
              isError={undefined}
              isPassword={false}
              multiline={true}
              onChangeText={[Function]}
              placeholder="Please enter your mnemonic (secret phrase that you generated while registred in Storj befores) or scan your log in credentials via QR code"
              regularMessage="Mnemonic"
              style={
                Object {
                  "height": 180,
                  "marginTop": 40,
                }
              }
              value={undefined}
            />
            <View
              style={
                Object {
                  "flexDirection": "row",
                  "justifyContent": "space-between",
                  "marginTop": 90,
                }
              }
            >
              <TouchableOpacity
                activeOpacity={0.2}
                onPress={undefined}
              >
                <Text
                  accessible={true}
                  allowFontScaling={true}
                  ellipsizeMode="tail"
                  style={
                    Object {
                      "color": "#2794FF",
                      "fontFamily": "Montserrat-Bold",
                      "fontSize": 32,
                      "lineHeight": 48,
                      "marginTop": 40,
                    }
                  }
                >
                  Forgot password?
                </Text>
              </TouchableOpacity>
              <TouchableOpacity
                activeOpacity={0.2}
                onPress={undefined}
              >
                <Text
                  accessible={true}
                  allowFontScaling={true}
                  ellipsizeMode="tail"
                  style={
                    Object {
                      "alignSelf": "flex-end",
                      "color": "#2794FF",
                      "fontFamily": "Montserrat-Regular",
                      "fontSize": 26,
                      "fontWeight": "bold",
                      "marginBottom": 48,
                    }
                  }
                >
                  What is Mnemonic?
                </Text>
              </TouchableOpacity>
            </View>
          </View>,
          <View
            style={
              Object {
                "alignItems": "center",
                "height": 226,
                "marginTop": 20,
              }
            }
          >
            <TouchableOpacity
              activeOpacity={0.2}
              onPressOut={[Function]}
              style={
                Object {
                  "alignItems": "center",
                  "backgroundColor": "#2794FF",
                  "borderRadius": 12,
                  "height": 100,
                  "justifyContent": "center",
                  "width": 686,
                }
              }
            >
              <Text
                accessible={true}
                allowFontScaling={true}
                ellipsizeMode="tail"
                style={
                  Object {
                    "color": "white",
                    "fontFamily": "Montserrat-Bold",
                    "fontSize": 32,
                  }
                }
              >
                Login
              </Text>
            </TouchableOpacity>
            <TouchableOpacity
              activeOpacity={0.2}
              onPressOut={[Function]}
              style={
                Object {
                  "alignItems": "center",
                  "backgroundColor": "white",
                  "borderColor": "#2794FF",
                  "borderRadius": 12,
                  "borderWidth": 2,
                  "height": 100,
                  "justifyContent": "center",
                  "marginTop": 20,
                  "width": 686,
                }
              }
            >
              <Text
                accessible={true}
                allowFontScaling={true}
                ellipsizeMode="tail"
                style={
                  Object {
                    "color": "#2794FF",
                    "fontFamily": "Montserrat-Bold",
                    "fontSize": 32,
                  }
                }
              >
                Login via QR
              </Text>
            </TouchableOpacity>
            <Text
              accessible={true}
              allowFontScaling={true}
              ellipsizeMode="tail"
              style={
                Object {
                  "color": "#384B65",
                  "fontFamily": "Montserrat-Regular",
                  "fontSize": 32,
                  "marginTop": 30,
                }
              }
            >
              Don't have an account? 
              <Text
                accessible={true}
                allowFontScaling={true}
                ellipsizeMode="tail"
                onPress={undefined}
                style={
                  Object {
                    "color": "#2794FF",
                    "fontFamily": "Montserrat-Bold",
                  }
                }
              >
                Sign Up
              </Text>
            </Text>
          </View>,
          null,
        ],
        "style": Object {
          "backgroundColor": "white",
          "flex": 1,
        },
      },
      "ref": null,
      "rendered": Array [
        Object {
          "instance": null,
          "key": undefined,
          "nodeType": "class",
          "props": Object {
            "children": <Image
              resizeMode="contain"
              source="LogoBlue.png"
              style={
                Object {
                  "height": 112,
                  "left": 40,
                  "position": "absolute",
                  "top": 40,
                  "width": 240,
                }
              }
            />,
            "style": undefined,
          },
          "ref": null,
          "rendered": Object {
            "instance": null,
            "key": undefined,
            "nodeType": "class",
            "props": Object {
              "resizeMode": "contain",
              "source": "LogoBlue.png",
              "style": Object {
                "height": 112,
                "left": 40,
                "position": "absolute",
                "top": 40,
                "width": 240,
              },
            },
            "ref": null,
            "rendered": null,
            "type": [Function],
          },
          "type": [Function],
        },
        Object {
          "instance": null,
          "key": undefined,
          "nodeType": "class",
          "props": Object {
            "children": Array [
              <Text
                accessible={true}
                allowFontScaling={true}
                ellipsizeMode="tail"
                style={
                  Object {
                    "color": "#384B65",
                    "fontFamily": "Montserrat-ExtraBold",
                    "fontSize": 60,
                    "marginBottom": 10,
                  }
                }
              >
                Login
              </Text>,
              <InputComponent
                errorMessage="Invalid Email"
                isError={undefined}
                isPassword={false}
                onChangeText={[Function]}
                placeholder="your_email@mail.com"
                regularMessage="Email"
                style={
                  Object {
                    "height": 100,
                    "marginTop": 40,
                  }
                }
                value={undefined}
              />,
              <InputComponent
                errorMessage="Invalid password"
                isError={undefined}
                isPassword={true}
                onChangeText={[Function]}
                placeholder="Enter your password"
                regularMessage="Password"
                style={
                  Object {
                    "height": 100,
                    "marginTop": 40,
                  }
                }
                value={undefined}
              />,
              <InputComponent
                editable={true}
                errorMessage="Invalid mnemonic"
                inputStyle={
                  Object {
                    "fontSize": 28,
                    "height": 160,
                  }
                }
                isError={undefined}
                isPassword={false}
                multiline={true}
                onChangeText={[Function]}
                placeholder="Please enter your mnemonic (secret phrase that you generated while registred in Storj befores) or scan your log in credentials via QR code"
                regularMessage="Mnemonic"
                style={
                  Object {
                    "height": 180,
                    "marginTop": 40,
                  }
                }
                value={undefined}
              />,
              <View
                style={
                  Object {
                    "flexDirection": "row",
                    "justifyContent": "space-between",
                    "marginTop": 90,
                  }
                }
              >
                <TouchableOpacity
                  activeOpacity={0.2}
                  onPress={undefined}
                >
                  <Text
                    accessible={true}
                    allowFontScaling={true}
                    ellipsizeMode="tail"
                    style={
                      Object {
                        "color": "#2794FF",
                        "fontFamily": "Montserrat-Bold",
                        "fontSize": 32,
                        "lineHeight": 48,
                        "marginTop": 40,
                      }
                    }
                  >
                    Forgot password?
                  </Text>
                </TouchableOpacity>
                <TouchableOpacity
                  activeOpacity={0.2}
                  onPress={undefined}
                >
                  <Text
                    accessible={true}
                    allowFontScaling={true}
                    ellipsizeMode="tail"
                    style={
                      Object {
                        "alignSelf": "flex-end",
                        "color": "#2794FF",
                        "fontFamily": "Montserrat-Regular",
                        "fontSize": 26,
                        "fontWeight": "bold",
                        "marginBottom": 48,
                      }
                    }
                  >
                    What is Mnemonic?
                  </Text>
                </TouchableOpacity>
              </View>,
            ],
            "style": Object {
              "marginTop": 172,
              "paddingLeft": 40,
              "paddingRight": 40,
            },
          },
          "ref": null,
          "rendered": Array [
            Object {
              "instance": null,
              "key": undefined,
              "nodeType": "class",
              "props": Object {
                "accessible": true,
                "allowFontScaling": true,
                "children": "Login",
                "ellipsizeMode": "tail",
                "style": Object {
                  "color": "#384B65",
                  "fontFamily": "Montserrat-ExtraBold",
                  "fontSize": 60,
                  "marginBottom": 10,
                },
              },
              "ref": null,
              "rendered": "Login",
              "type": [Function],
            },
            Object {
              "instance": null,
              "key": undefined,
              "nodeType": "class",
              "props": Object {
                "errorMessage": "Invalid Email",
                "isError": undefined,
                "isPassword": false,
                "onChangeText": [Function],
                "placeholder": "your_email@mail.com",
                "regularMessage": "Email",
                "style": Object {
                  "height": 100,
                  "marginTop": 40,
                },
                "value": undefined,
              },
              "ref": null,
              "rendered": null,
              "type": [Function],
            },
            Object {
              "instance": null,
              "key": undefined,
              "nodeType": "class",
              "props": Object {
                "errorMessage": "Invalid password",
                "isError": undefined,
                "isPassword": true,
                "onChangeText": [Function],
                "placeholder": "Enter your password",
                "regularMessage": "Password",
                "style": Object {
                  "height": 100,
                  "marginTop": 40,
                },
                "value": undefined,
              },
              "ref": null,
              "rendered": null,
              "type": [Function],
            },
            Object {
              "instance": null,
              "key": undefined,
              "nodeType": "class",
              "props": Object {
                "editable": true,
                "errorMessage": "Invalid mnemonic",
                "inputStyle": Object {
                  "fontSize": 28,
                  "height": 160,
                },
                "isError": undefined,
                "isPassword": false,
                "multiline": true,
                "onChangeText": [Function],
                "placeholder": "Please enter your mnemonic (secret phrase that you generated while registred in Storj befores) or scan your log in credentials via QR code",
                "regularMessage": "Mnemonic",
                "style": Object {
                  "height": 180,
                  "marginTop": 40,
                },
                "value": undefined,
              },
              "ref": null,
              "rendered": null,
              "type": [Function],
            },
            Object {
              "instance": null,
              "key": undefined,
              "nodeType": "class",
              "props": Object {
                "children": Array [
                  <TouchableOpacity
                    activeOpacity={0.2}
                    onPress={undefined}
                  >
                    <Text
                      accessible={true}
                      allowFontScaling={true}
                      ellipsizeMode="tail"
                      style={
                        Object {
                          "color": "#2794FF",
                          "fontFamily": "Montserrat-Bold",
                          "fontSize": 32,
                          "lineHeight": 48,
                          "marginTop": 40,
                        }
                      }
                    >
                      Forgot password?
                    </Text>
                  </TouchableOpacity>,
                  <TouchableOpacity
                    activeOpacity={0.2}
                    onPress={undefined}
                  >
                    <Text
                      accessible={true}
                      allowFontScaling={true}
                      ellipsizeMode="tail"
                      style={
                        Object {
                          "alignSelf": "flex-end",
                          "color": "#2794FF",
                          "fontFamily": "Montserrat-Regular",
                          "fontSize": 26,
                          "fontWeight": "bold",
                          "marginBottom": 48,
                        }
                      }
                    >
                      What is Mnemonic?
                    </Text>
                  </TouchableOpacity>,
                ],
                "style": Object {
                  "flexDirection": "row",
                  "justifyContent": "space-between",
                  "marginTop": 90,
                },
              },
              "ref": null,
              "rendered": Array [
                Object {
                  "instance": null,
                  "key": undefined,
                  "nodeType": "class",
                  "props": Object {
                    "activeOpacity": 0.2,
                    "children": <Text
                      accessible={true}
                      allowFontScaling={true}
                      ellipsizeMode="tail"
                      style={
                        Object {
                          "color": "#2794FF",
                          "fontFamily": "Montserrat-Bold",
                          "fontSize": 32,
                          "lineHeight": 48,
                          "marginTop": 40,
                        }
                      }
                    >
                      Forgot password?
                    </Text>,
                    "onPress": undefined,
                  },
                  "ref": null,
                  "rendered": Object {
                    "instance": null,
                    "key": undefined,
                    "nodeType": "class",
                    "props": Object {
                      "accessible": true,
                      "allowFontScaling": true,
                      "children": "Forgot password?",
                      "ellipsizeMode": "tail",
                      "style": Object {
                        "color": "#2794FF",
                        "fontFamily": "Montserrat-Bold",
                        "fontSize": 32,
                        "lineHeight": 48,
                        "marginTop": 40,
                      },
                    },
                    "ref": null,
                    "rendered": "Forgot password?",
                    "type": [Function],
                  },
                  "type": [Function],
                },
                Object {
                  "instance": null,
                  "key": undefined,
                  "nodeType": "class",
                  "props": Object {
                    "activeOpacity": 0.2,
                    "children": <Text
                      accessible={true}
                      allowFontScaling={true}
                      ellipsizeMode="tail"
                      style={
                        Object {
                          "alignSelf": "flex-end",
                          "color": "#2794FF",
                          "fontFamily": "Montserrat-Regular",
                          "fontSize": 26,
                          "fontWeight": "bold",
                          "marginBottom": 48,
                        }
                      }
                    >
                      What is Mnemonic?
                    </Text>,
                    "onPress": undefined,
                  },
                  "ref": null,
                  "rendered": Object {
                    "instance": null,
                    "key": undefined,
                    "nodeType": "class",
                    "props": Object {
                      "accessible": true,
                      "allowFontScaling": true,
                      "children": "What is Mnemonic?",
                      "ellipsizeMode": "tail",
                      "style": Object {
                        "alignSelf": "flex-end",
                        "color": "#2794FF",
                        "fontFamily": "Montserrat-Regular",
                        "fontSize": 26,
                        "fontWeight": "bold",
                        "marginBottom": 48,
                      },
                    },
                    "ref": null,
                    "rendered": "What is Mnemonic?",
                    "type": [Function],
                  },
                  "type": [Function],
                },
              ],
              "type": [Function],
            },
          ],
          "type": [Function],
        },
        Object {
          "instance": null,
          "key": undefined,
          "nodeType": "class",
          "props": Object {
            "children": Array [
              <TouchableOpacity
                activeOpacity={0.2}
                onPressOut={[Function]}
                style={
                  Object {
                    "alignItems": "center",
                    "backgroundColor": "#2794FF",
                    "borderRadius": 12,
                    "height": 100,
                    "justifyContent": "center",
                    "width": 686,
                  }
                }
              >
                <Text
                  accessible={true}
                  allowFontScaling={true}
                  ellipsizeMode="tail"
                  style={
                    Object {
                      "color": "white",
                      "fontFamily": "Montserrat-Bold",
                      "fontSize": 32,
                    }
                  }
                >
                  Login
                </Text>
              </TouchableOpacity>,
              <TouchableOpacity
                activeOpacity={0.2}
                onPressOut={[Function]}
                style={
                  Object {
                    "alignItems": "center",
                    "backgroundColor": "white",
                    "borderColor": "#2794FF",
                    "borderRadius": 12,
                    "borderWidth": 2,
                    "height": 100,
                    "justifyContent": "center",
                    "marginTop": 20,
                    "width": 686,
                  }
                }
              >
                <Text
                  accessible={true}
                  allowFontScaling={true}
                  ellipsizeMode="tail"
                  style={
                    Object {
                      "color": "#2794FF",
                      "fontFamily": "Montserrat-Bold",
                      "fontSize": 32,
                    }
                  }
                >
                  Login via QR
                </Text>
              </TouchableOpacity>,
              <Text
                accessible={true}
                allowFontScaling={true}
                ellipsizeMode="tail"
                style={
                  Object {
                    "color": "#384B65",
                    "fontFamily": "Montserrat-Regular",
                    "fontSize": 32,
                    "marginTop": 30,
                  }
                }
              >
                Don't have an account? 
                <Text
                  accessible={true}
                  allowFontScaling={true}
                  ellipsizeMode="tail"
                  onPress={undefined}
                  style={
                    Object {
                      "color": "#2794FF",
                      "fontFamily": "Montserrat-Bold",
                    }
                  }
                >
                  Sign Up
                </Text>
              </Text>,
            ],
            "style": Object {
              "alignItems": "center",
              "height": 226,
              "marginTop": 20,
            },
          },
          "ref": null,
          "rendered": Array [
            Object {
              "instance": null,
              "key": undefined,
              "nodeType": "class",
              "props": Object {
                "activeOpacity": 0.2,
                "children": <Text
                  accessible={true}
                  allowFontScaling={true}
                  ellipsizeMode="tail"
                  style={
                    Object {
                      "color": "white",
                      "fontFamily": "Montserrat-Bold",
                      "fontSize": 32,
                    }
                  }
                >
                  Login
                </Text>,
                "onPressOut": [Function],
                "style": Object {
                  "alignItems": "center",
                  "backgroundColor": "#2794FF",
                  "borderRadius": 12,
                  "height": 100,
                  "justifyContent": "center",
                  "width": 686,
                },
              },
              "ref": null,
              "rendered": Object {
                "instance": null,
                "key": undefined,
                "nodeType": "class",
                "props": Object {
                  "accessible": true,
                  "allowFontScaling": true,
                  "children": "Login",
                  "ellipsizeMode": "tail",
                  "style": Object {
                    "color": "white",
                    "fontFamily": "Montserrat-Bold",
                    "fontSize": 32,
                  },
                },
                "ref": null,
                "rendered": "Login",
                "type": [Function],
              },
              "type": [Function],
            },
            Object {
              "instance": null,
              "key": undefined,
              "nodeType": "class",
              "props": Object {
                "activeOpacity": 0.2,
                "children": <Text
                  accessible={true}
                  allowFontScaling={true}
                  ellipsizeMode="tail"
                  style={
                    Object {
                      "color": "#2794FF",
                      "fontFamily": "Montserrat-Bold",
                      "fontSize": 32,
                    }
                  }
                >
                  Login via QR
                </Text>,
                "onPressOut": [Function],
                "style": Object {
                  "alignItems": "center",
                  "backgroundColor": "white",
                  "borderColor": "#2794FF",
                  "borderRadius": 12,
                  "borderWidth": 2,
                  "height": 100,
                  "justifyContent": "center",
                  "marginTop": 20,
                  "width": 686,
                },
              },
              "ref": null,
              "rendered": Object {
                "instance": null,
                "key": undefined,
                "nodeType": "class",
                "props": Object {
                  "accessible": true,
                  "allowFontScaling": true,
                  "children": "Login via QR",
                  "ellipsizeMode": "tail",
                  "style": Object {
                    "color": "#2794FF",
                    "fontFamily": "Montserrat-Bold",
                    "fontSize": 32,
                  },
                },
                "ref": null,
                "rendered": "Login via QR",
                "type": [Function],
              },
              "type": [Function],
            },
            Object {
              "instance": null,
              "key": undefined,
              "nodeType": "class",
              "props": Object {
                "accessible": true,
                "allowFontScaling": true,
                "children": Array [
                  "Don't have an account? ",
                  <Text
                    accessible={true}
                    allowFontScaling={true}
                    ellipsizeMode="tail"
                    onPress={undefined}
                    style={
                      Object {
                        "color": "#2794FF",
                        "fontFamily": "Montserrat-Bold",
                      }
                    }
                  >
                    Sign Up
                  </Text>,
                ],
                "ellipsizeMode": "tail",
                "style": Object {
                  "color": "#384B65",
                  "fontFamily": "Montserrat-Regular",
                  "fontSize": 32,
                  "marginTop": 30,
                },
              },
              "ref": null,
              "rendered": Array [
                "Don't have an account? ",
                Object {
                  "instance": null,
                  "key": undefined,
                  "nodeType": "class",
                  "props": Object {
                    "accessible": true,
                    "allowFontScaling": true,
                    "children": "Sign Up",
                    "ellipsizeMode": "tail",
                    "onPress": undefined,
                    "style": Object {
                      "color": "#2794FF",
                      "fontFamily": "Montserrat-Bold",
                    },
                  },
                  "ref": null,
                  "rendered": "Sign Up",
                  "type": [Function],
                },
              ],
              "type": [Function],
            },
          ],
          "type": [Function],
        },
        null,
      ],
      "type": [Function],
    },
  ],
  Symbol(enzyme.__options__): Object {
    "adapter": ReactSixteenAdapter {
      "options": Object {
        "enableComponentDidUpdateOnSetState": true,
      },
    },
  },
}
`;
